// Jest Snapshot v1, https://goo.gl/fbAQLP

exports[`App has a valid snapshot 1`] = `
<div
  className="page"
>
  <span>
    HELLO
  </span>
  <div
    className="interactions"
  >
    <form
      onSubmit={[Function]}
    >
      Search
      <input
        onChange={[Function]}
        type="text"
        value="redux"
      />
      <button
        className="button-inline"
        onClick={[Function]}
        type="button"
      >
        RESET
      </button>
    </form>
  </div>
</div>
`;
