// Jest Snapshot v1, https://goo.gl/fbAQLP

exports[`App has a valid snapshot 1`] = `
<div
  className="page"
>
  <span>
    HELLO
  </span>
  <div
    className="interactions"
  >
    <Connect(Search)>
       Search 
    </Connect(Search)>
  </div>
  <Connect(Table) />
  <Component>
    More Articles
  </Component>
</div>
`;
