// Jest Snapshot v1, https://goo.gl/fbAQLP

exports[`Header has a valid snapshot 1`] = `
<div
  className="table-header"
>
  <span
    style={
      Object {
        "width": "40%",
      }
    }
  >
    <button
      className="button-inline"
      onClick={[Function]}
      type="button"
    >
      TITLE
    </button>
  </span>
  <span
    style={
      Object {
        "width": "30%",
      }
    }
  >
    <button
      className="button-inline"
      onClick={[Function]}
      type="button"
    >
      AUTHOR
    </button>
  </span>
  <span
    style={
      Object {
        "width": "10%",
      }
    }
  >
    <button
      className="button-inline button-active"
      onClick={[Function]}
      type="button"
    >
      COMMENTS
    </button>
  </span>
  <span
    style={
      Object {
        "width": "10%",
      }
    }
  >
    <button
      className="button-inline"
      onClick={[Function]}
      type="button"
    >
      POINTS
    </button>
  </span>
  <span
    style={
      Object {
        "width": "10%",
      }
    }
  >
    DISMISS
  </span>
</div>
`;
