// Jest Snapshot v1, https://goo.gl/fbAQLP

exports[`Nav has valid snapshot 1`] = `
<li
  className="nav-item dropdown "
>
  <a
    aria-expanded="false"
    aria-haspopup="true"
    className="nav-link dropdown-toggle"
    data-toggle="dropdown"
    href="#"
    id="dd01"
    onClick={[Function]}
  >
    Dropdown
  </a>
  <div
    aria-labelledby="dd01"
    className="dropdown-menu "
  >
    <a
      className="dropdown-item"
      href="#"
    >
      SubMenu
    </a>
    <a
      className="dropdown-item"
      href="#"
    >
      Another SubMenu
    </a>
  </div>
</li>
`;
