// Jest Snapshot v1, https://goo.gl/fbAQLP

exports[`Table has valid snapshot 1`] = `
<div
  className="table"
>
  <div
    className="table-header"
  />
  <div
    className="container-fluid item"
  >
    <div
      className="list-inline"
    >
      <span
        className="list-inline-item"
      >
        <a
          className="h5 text-muted"
          href={undefined}
        >
          1
        </a>
      </span>
      <span
        className="list-inline-item"
      >
        <button
          className="btn btn-outline-danger btn-sm"
          onClick={[Function]}
          type="button"
        >
          Dismiss
        </button>
      </span>
    </div>
    <div
      className="list-inline"
    >
      <span
        className="list-inline-item"
      >
        Author: 
        1
      </span>
      <span
        className="list-inline-item"
      >
        Created: 
        20 days ago
      </span>
      <span
        className="list-inline-item"
      >
        Comments: 
        1
      </span>
      <span
        className="list-inline-item"
      >
        Points: 
        2
      </span>
      <span
        className="list-inline-item"
      >
        <a
          className="text-muted"
          href={undefined}
        >
          (
          )
        </a>
      </span>
    </div>
    <hr />
  </div>
  <div
    className="container-fluid item"
  >
    <div
      className="list-inline"
    >
      <span
        className="list-inline-item"
      >
        <a
          className="h5 text-muted"
          href={undefined}
        >
          2
        </a>
      </span>
      <span
        className="list-inline-item"
      >
        <button
          className="btn btn-outline-danger btn-sm"
          onClick={[Function]}
          type="button"
        >
          Dismiss
        </button>
      </span>
    </div>
    <div
      className="list-inline"
    >
      <span
        className="list-inline-item"
      >
        Author: 
        2
      </span>
      <span
        className="list-inline-item"
      >
        Created: 
        20 days ago
      </span>
      <span
        className="list-inline-item"
      >
        Comments: 
        1
      </span>
      <span
        className="list-inline-item"
      >
        Points: 
        2
      </span>
      <span
        className="list-inline-item"
      >
        <a
          className="text-muted"
          href={undefined}
        >
          (
          )
        </a>
      </span>
    </div>
    <hr />
  </div>
</div>
`;
